#-----------------------------------------------------------
# Vivado v2018.3 (64-bit)
# SW Build 2405991 on Thu Dec  6 23:38:27 MST 2018
# IP Build 2404404 on Fri Dec  7 01:43:56 MST 2018
# Start of session at: Thu May 30 11:30:17 2019
# Process ID: 7360
# Current directory: C:/Users/wangwenge/Documents/Fetch_Instr
# Command line: vivado.exe -gui_launcher_event rodinguilauncherevent8064 C:\Users\wangwenge\Documents\Fetch_Instr\Fetch_Instr.xpr
# Log file: C:/Users/wangwenge/Documents/Fetch_Instr/vivado.log
# Journal file: C:/Users/wangwenge/Documents/Fetch_Instr\vivado.jou
#-----------------------------------------------------------
start_gui
open_project C:/Users/wangwenge/Documents/Fetch_Instr/Fetch_Instr.xpr
update_compile_order -fileset sources_1
close_project
create_project R_I_J_CPU C:/Users/wangwenge/Documents/R_I_J_CPU -part xc7a100tfgg484-2L
file mkdir C:/Users/wangwenge/Documents/R_I_J_CPU/R_I_J_CPU.srcs/sources_1/new
close [ open C:/Users/wangwenge/Documents/R_I_J_CPU/R_I_J_CPU.srcs/sources_1/new/ALU.v w ]
add_files C:/Users/wangwenge/Documents/R_I_J_CPU/R_I_J_CPU.srcs/sources_1/new/ALU.v
update_compile_order -fileset sources_1
add_files -norecurse {C:/Users/wangwenge/Documents/R_I_J_CPU/R_I_J_CPU.srcs/sources_1/new/R_I_CPU.v C:/Users/wangwenge/Documents/R_I_J_CPU/R_I_J_CPU.srcs/sources_1/new/PC.v C:/Users/wangwenge/Documents/R_I_J_CPU/R_I_J_CPU.srcs/sources_1/new/REGS.v C:/Users/wangwenge/Documents/R_I_J_CPU/R_I_J_CPU.srcs/sources_1/new/Decoder.v C:/Users/wangwenge/Documents/R_I_J_CPU/R_I_J_CPU.srcs/sources_1/new/R_I_TOP.v C:/Users/wangwenge/Documents/R_I_J_CPU/R_I_J_CPU.srcs/sources_1/new/ALU.v}
update_compile_order -fileset sources_1
update_compile_order -fileset sources_1
create_ip -name blk_mem_gen -vendor xilinx.com -library ip -version 8.4 -module_name blk_mem_gen_0 -dir c:/Users/wangwenge/Documents/R_I_J_CPU/R_I_J_CPU.srcs/sources_1/ip
set_property -dict [list CONFIG.Memory_Type {Single_Port_ROM} CONFIG.Write_Width_A {32} CONFIG.Write_Depth_A {64} CONFIG.Read_Width_A {32} CONFIG.Operating_Mode_A {WRITE_FIRST} CONFIG.Enable_A {Always_Enabled} CONFIG.Write_Width_B {32} CONFIG.Read_Width_B {32} CONFIG.Register_PortA_Output_of_Memory_Primitives {false} CONFIG.Load_Init_File {true} CONFIG.Coe_File {c:/Users/wangwenge/Documents/R_I_J_CPU/R_I_J_CPU.srcs/sources_1/instr.coe} CONFIG.Port_A_Write_Rate {0}] [get_ips blk_mem_gen_0]
generate_target {instantiation_template} [get_files c:/Users/wangwenge/Documents/R_I_J_CPU/R_I_J_CPU.srcs/sources_1/ip/blk_mem_gen_0/blk_mem_gen_0.xci]
update_compile_order -fileset sources_1
generate_target all [get_files  c:/Users/wangwenge/Documents/R_I_J_CPU/R_I_J_CPU.srcs/sources_1/ip/blk_mem_gen_0/blk_mem_gen_0.xci]
catch { config_ip_cache -export [get_ips -all blk_mem_gen_0] }
export_ip_user_files -of_objects [get_files c:/Users/wangwenge/Documents/R_I_J_CPU/R_I_J_CPU.srcs/sources_1/ip/blk_mem_gen_0/blk_mem_gen_0.xci] -no_script -sync -force -quiet
create_ip_run [get_files -of_objects [get_fileset sources_1] c:/Users/wangwenge/Documents/R_I_J_CPU/R_I_J_CPU.srcs/sources_1/ip/blk_mem_gen_0/blk_mem_gen_0.xci]
launch_runs -jobs 2 blk_mem_gen_0_synth_1
export_simulation -of_objects [get_files c:/Users/wangwenge/Documents/R_I_J_CPU/R_I_J_CPU.srcs/sources_1/ip/blk_mem_gen_0/blk_mem_gen_0.xci] -directory C:/Users/wangwenge/Documents/R_I_J_CPU/R_I_J_CPU.ip_user_files/sim_scripts -ip_user_files_dir C:/Users/wangwenge/Documents/R_I_J_CPU/R_I_J_CPU.ip_user_files -ipstatic_source_dir C:/Users/wangwenge/Documents/R_I_J_CPU/R_I_J_CPU.ip_user_files/ipstatic -lib_map_path [list {modelsim=C:/Users/wangwenge/Documents/R_I_J_CPU/R_I_J_CPU.cache/compile_simlib/modelsim} {questa=C:/Users/wangwenge/Documents/R_I_J_CPU/R_I_J_CPU.cache/compile_simlib/questa} {riviera=C:/Users/wangwenge/Documents/R_I_J_CPU/R_I_J_CPU.cache/compile_simlib/riviera} {activehdl=C:/Users/wangwenge/Documents/R_I_J_CPU/R_I_J_CPU.cache/compile_simlib/activehdl}] -use_ip_compiled_libs -force -quiet
create_ip -name blk_mem_gen -vendor xilinx.com -library ip -version 8.4 -module_name blk_mem_gen_1 -dir c:/Users/wangwenge/Documents/R_I_J_CPU/R_I_J_CPU.srcs/sources_1/ip
set_property -dict [list CONFIG.Write_Width_A {32} CONFIG.Write_Depth_A {64} CONFIG.Read_Width_A {32} CONFIG.Operating_Mode_A {READ_FIRST} CONFIG.Enable_A {Always_Enabled} CONFIG.Write_Width_B {32} CONFIG.Read_Width_B {32} CONFIG.Register_PortA_Output_of_Memory_Primitives {false} CONFIG.Load_Init_File {true} CONFIG.Coe_File {C:/Users/wangwenge/Documents/R_I_J_CPU/R_I_J_CPU.srcs/sources_1/data.coe}] [get_ips blk_mem_gen_1]
generate_target {instantiation_template} [get_files c:/Users/wangwenge/Documents/R_I_J_CPU/R_I_J_CPU.srcs/sources_1/ip/blk_mem_gen_1/blk_mem_gen_1.xci]
generate_target all [get_files  c:/Users/wangwenge/Documents/R_I_J_CPU/R_I_J_CPU.srcs/sources_1/ip/blk_mem_gen_1/blk_mem_gen_1.xci]
catch { config_ip_cache -export [get_ips -all blk_mem_gen_1] }
export_ip_user_files -of_objects [get_files c:/Users/wangwenge/Documents/R_I_J_CPU/R_I_J_CPU.srcs/sources_1/ip/blk_mem_gen_1/blk_mem_gen_1.xci] -no_script -sync -force -quiet
create_ip_run [get_files -of_objects [get_fileset sources_1] c:/Users/wangwenge/Documents/R_I_J_CPU/R_I_J_CPU.srcs/sources_1/ip/blk_mem_gen_1/blk_mem_gen_1.xci]
launch_runs -jobs 2 blk_mem_gen_1_synth_1
export_simulation -of_objects [get_files c:/Users/wangwenge/Documents/R_I_J_CPU/R_I_J_CPU.srcs/sources_1/ip/blk_mem_gen_1/blk_mem_gen_1.xci] -directory C:/Users/wangwenge/Documents/R_I_J_CPU/R_I_J_CPU.ip_user_files/sim_scripts -ip_user_files_dir C:/Users/wangwenge/Documents/R_I_J_CPU/R_I_J_CPU.ip_user_files -ipstatic_source_dir C:/Users/wangwenge/Documents/R_I_J_CPU/R_I_J_CPU.ip_user_files/ipstatic -lib_map_path [list {modelsim=C:/Users/wangwenge/Documents/R_I_J_CPU/R_I_J_CPU.cache/compile_simlib/modelsim} {questa=C:/Users/wangwenge/Documents/R_I_J_CPU/R_I_J_CPU.cache/compile_simlib/questa} {riviera=C:/Users/wangwenge/Documents/R_I_J_CPU/R_I_J_CPU.cache/compile_simlib/riviera} {activehdl=C:/Users/wangwenge/Documents/R_I_J_CPU/R_I_J_CPU.cache/compile_simlib/activehdl}] -use_ip_compiled_libs -force -quiet
set_property -dict [list CONFIG.Coe_File {C:/Users/wangwenge/Documents/R_I_J_CPU/R_I_J_CPU.srcs/sources_1/instr.coe}] [get_ips blk_mem_gen_0]
generate_target all [get_files  c:/Users/wangwenge/Documents/R_I_J_CPU/R_I_J_CPU.srcs/sources_1/ip/blk_mem_gen_0/blk_mem_gen_0.xci]
catch { config_ip_cache -export [get_ips -all blk_mem_gen_0] }
export_ip_user_files -of_objects [get_files c:/Users/wangwenge/Documents/R_I_J_CPU/R_I_J_CPU.srcs/sources_1/ip/blk_mem_gen_0/blk_mem_gen_0.xci] -no_script -sync -force -quiet
reset_run blk_mem_gen_0_synth_1
launch_runs -jobs 2 blk_mem_gen_0_synth_1
export_simulation -of_objects [get_files c:/Users/wangwenge/Documents/R_I_J_CPU/R_I_J_CPU.srcs/sources_1/ip/blk_mem_gen_0/blk_mem_gen_0.xci] -directory C:/Users/wangwenge/Documents/R_I_J_CPU/R_I_J_CPU.ip_user_files/sim_scripts -ip_user_files_dir C:/Users/wangwenge/Documents/R_I_J_CPU/R_I_J_CPU.ip_user_files -ipstatic_source_dir C:/Users/wangwenge/Documents/R_I_J_CPU/R_I_J_CPU.ip_user_files/ipstatic -lib_map_path [list {modelsim=C:/Users/wangwenge/Documents/R_I_J_CPU/R_I_J_CPU.cache/compile_simlib/modelsim} {questa=C:/Users/wangwenge/Documents/R_I_J_CPU/R_I_J_CPU.cache/compile_simlib/questa} {riviera=C:/Users/wangwenge/Documents/R_I_J_CPU/R_I_J_CPU.cache/compile_simlib/riviera} {activehdl=C:/Users/wangwenge/Documents/R_I_J_CPU/R_I_J_CPU.cache/compile_simlib/activehdl}] -use_ip_compiled_libs -force -quiet
update_compile_order -fileset sources_1
update_compile_order -fileset sources_1
update_compile_order -fileset sources_1
update_compile_order -fileset sources_1
launch_simulation
update_compile_order -fileset sources_1
update_compile_order -fileset sources_1
launch_runs synth_1 -jobs 2
wait_on_run synth_1
launch_simulation
launch_simulation
source R_I_J_TOP.tcl
file mkdir C:/Users/wangwenge/Documents/R_I_J_CPU/R_I_J_CPU.srcs/sim_1/new
set_property SOURCE_SET sources_1 [get_filesets sim_1]
close [ open C:/Users/wangwenge/Documents/R_I_J_CPU/R_I_J_CPU.srcs/sim_1/new/sim.v w ]
add_files -fileset sim_1 C:/Users/wangwenge/Documents/R_I_J_CPU/R_I_J_CPU.srcs/sim_1/new/sim.v
update_compile_order -fileset sim_1
update_compile_order -fileset sim_1
launch_simulation
source sim.tcl
close_sim
launch_simulation
source sim.tcl
close_sim
close_sim
file mkdir C:/Users/wangwenge/Documents/R_I_J_CPU/R_I_J_CPU.srcs/constrs_1
file mkdir C:/Users/wangwenge/Documents/R_I_J_CPU/R_I_J_CPU.srcs/constrs_1/new
close [ open C:/Users/wangwenge/Documents/R_I_J_CPU/R_I_J_CPU.srcs/constrs_1/new/constraint.xdc w ]
add_files -fileset constrs_1 C:/Users/wangwenge/Documents/R_I_J_CPU/R_I_J_CPU.srcs/constrs_1/new/constraint.xdc
